PrismaClientValidationError: 
Invalid `__TURBOPACK__imported__module__$5b$project$5d2f$src$2f$lib$2f$prisma$2e$ts__$5b$app$2d$route$5d$__$28$ecmascript$29$__["prisma"].user.create()` invocation in
C:\laragon\www\pushaja\.next\dev\server\chunks\[root-of-the-server]__0lfi-lb._.js:183:180

  180 });
  181 if (!existingUser) {
  182     // Jika belum ada, kita buat akun baru dengan role default 'client'
→ 183     existingUser = await __TURBOPACK__imported__module__$5b$project$5d2f$src$2f$lib$2f$prisma$2e$ts__$5b$app$2d$route$5d$__$28$ecmascript$29$__["prisma"].user.create({
            data: {
              email: "syukronmarkoni@gmail.com",
              name: "Syukron Markoni",
              profilePicture: "https://lh3.googleusercontent.com/a/ACg8ocJvXuuZhQpQgjwrEW0rBHzkOPHRZOiLUAVJOdA6W9e84hPpqA=s96-c",
              role: "client",
          +   password: String
            }
          })

Argument `password` is missing.
PrismaClientValidationError: 
Invalid `__TURBOPACK__imported__module__$5b$project$5d2f$src$2f$lib$2f$prisma$2e$ts__$5b$app$2d$route$5d$__$28$ecmascript$29$__["prisma"].user.create()` invocation in
C:\laragon\www\pushaja\.next\dev\server\chunks\[root-of-the-server]__0lfi-lb._.js:183:180

  180 });
  181 if (!existingUser) {
  182     // Jika belum ada, kita buat akun baru dengan role default 'client'
→ 183     existingUser = await __TURBOPACK__imported__module__$5b$project$5d2f$src$2f$lib$2f$prisma$2e$ts__$5b$app$2d$route$5d$__$28$ecmascript$29$__["prisma"].user.create({
            data: {
              email: "syukronmarkoni@gmail.com",
              name: "Syukron Markoni",
              profilePicture: "https://lh3.googleusercontent.com/a/ACg8ocJvXuuZhQpQgjwrEW0rBHzkOPHRZOiLUAVJOdA6W9e84hPpqA=s96-c",
              role: "client",
          +   password: String
            }
          })

Argument `password` is missing.
    at Nn (C:\laragon\www\pushaja\node_modules\@prisma\client\runtime\library.js:29:1363)
    at ei.handleRequestError (C:\laragon\www\pushaja\node_modules\@prisma\client\runtime\library.js:121:6911)
    at ei.handleAndLogRequestError (C:\laragon\www\pushaja\node_modules\@prisma\client\runtime\library.js:121:6593)
    at ei.request (C:\laragon\www\pushaja\node_modules\@prisma\client\runtime\library.js:121:6300)
    at async a (C:\laragon\www\pushaja\node_modules\@prisma\client\runtime\library.js:130:9551)
    at async Object.signIn (C:\laragon\www\pushaja\.next\dev\server\chunks\[root-of-the-server]__0lfi-lb._.js:183:40)
    at async Object.callback (C:\laragon\www\pushaja\.next\dev\server\chunks\node_modules_next-auth_13zb4xx._.js:1358:39)
    at async AuthHandler (C:\laragon\www\pushaja\.next\dev\server\chunks\node_modules_next-auth_13zb4xx._.js:3237:38)
    at async NextAuthRouteHandler (C:\laragon\www\pushaja\.next\dev\server\chunks\node_modules_next-auth_13zb4xx._.js:3501:30)
    at async NextAuth._args$ (C:\laragon\www\pushaja\.next\dev\server\chunks\node_modules_next-auth_13zb4xx._.js:3536:24)
    at async AppRouteRouteModule.do (C:\laragon\www\pushaja\node_modules\next\dist\compiled\next-server\app-route-turbo.runtime.dev.js:5:40115)
    at async AppRouteRouteModule.handle (C:\laragon\www\pushaja\node_modules\next\dist\compiled\next-server\app-route-turbo.runtime.dev.js:5:47395)
    at async responseGenerator (C:\laragon\www\pushaja\.next\dev\server\chunks\node_modules_next_134j~.d._.js:13672:38)
    at async AppRouteRouteModule.handleResponse (C:\laragon\www\pushaja\node_modules\next\dist\compiled\next-server\app-route-turbo.runtime.dev.js:1:228552)
    at async handleResponse (C:\laragon\www\pushaja\.next\dev\server\chunks\node_modules_next_134j~.d._.js:13735:32)
    at async Module.handler (C:\laragon\www\pushaja\.next\dev\server\chunks\node_modules_next_134j~.d._.js:13789:13)
    at async DevServer.renderToResponseWithComponentsImpl (C:\laragon\www\pushaja\node_modules\next\dist\server\base-server.js:1462:9)
    at async DevServer.renderPageComponent (C:\laragon\www\pushaja\node_modules\next\dist\server\base-server.js:1514:24)
    at async DevServer.renderToResponseImpl (C:\laragon\www\pushaja\node_modules\next\dist\server\base-server.js:1564:32)
    at async DevServer.pipeImpl (C:\laragon\www\pushaja\node_modules\next\dist\server\base-server.js:1044:25)
    at async NextNodeServer.handleCatchallRenderRequest (C:\laragon\www\pushaja\node_modules\next\dist\server\next-server.js:338:17)
    at async DevServer.handleRequestImpl (C:\laragon\www\pushaja\node_modules\next\dist\server\base-server.js:935:17)
    at async C:\laragon\www\pushaja\node_modules\next\dist\server\dev\next-dev-server.js:394:20
    at async Span.traceAsyncFn (C:\laragon\www\pushaja\node_modules\next\dist\trace\trace.js:164:20)
    at async DevServer.handleRequest (C:\laragon\www\pushaja\node_modules\next\dist\server\dev\next-dev-server.js:390:24)
    at async invokeRender (C:\laragon\www\pushaja\node_modules\next\dist\server\lib\router-server.js:266:21)
    at async handleRequest (C:\laragon\www\pushaja\node_modules\next\dist\server\lib\router-server.js:465:24)
    at async requestHandlerImpl (C:\laragon\www\pushaja\node_modules\next\dist\server\lib\router-server.js:514:13)
    at async Server.requestListener (C:\laragon\www\pushaja\node_modules\next\dist\server\lib\start-server.js:225:13)